// Jest Snapshot v1, https://goo.gl/fbAQLP

exports[`should match the snapshot 1`] = `
<RNCSafeAreaProvider
  onInsetsChange={[Function]}
  style={
    Array [
      Object {
        "flex": 1,
      },
      undefined,
    ]
  }
>
  <RCTScrollView
    _text={
      Object {
        "color": "darkText",
      }
    }
    contentContainerStyle={
      Array [
        Object {},
        Object {
          "dataSet": Object {},
        },
      ]
    }
    dataSet={Object {}}
    style={
      Object {
        "backgroundColor": "#FFFFFF",
      }
    }
  >
    <View>
      <View
        dataSet={Object {}}
        style={
          Object {
            "backgroundColor": "#F6F6F7",
            "marginBottom": 16,
            "marginTop": 16,
            "width": "100%",
          }
        }
      >
        <View
          dataSet={Object {}}
          style={
            Object {
              "marginBottom": 42,
              "marginLeft": 130,
              "marginRight": 130,
              "marginTop": 26,
              "maxWidth": 580,
            }
          }
        />
      </View>
      <View
        dataSet={Object {}}
        style={
          Object {
            "paddingLeft": 130,
            "paddingRight": 130,
          }
        }
      />
    </View>
  </RCTScrollView>
</RNCSafeAreaProvider>
`;
