// Jest Snapshot v1, https://goo.gl/fbAQLP

exports[`should match the snapshot 1`] = `
<RNCSafeAreaProvider
  onInsetsChange={[Function]}
  style={
    Array [
      Object {
        "flex": 1,
      },
      undefined,
    ]
  }
>
  <View
    dataSet={Object {}}
    style={Object {}}
  >
    <View>
      <Text>
        {"label":"label-1","fieldType":"text","value":"test-1","formattedValue":"format-test-1","key":false}
      </Text>
    </View>
    <View
      dataSet={Object {}}
      style={
        Object {
          "height": 16,
        }
      }
    />
    <View>
      <Text>
        header-1
      </Text>
      <Text>
        [{"label-1":"value-1","label-2":"value-2"},{"label-1":"value-3","label-2":"value-4"}]
      </Text>
      <Text>
        [{"Header":"label-1","accessor":"label-1"},{"Header":"label-2","accessor":"label-2"}]
      </Text>
    </View>
  </View>
</RNCSafeAreaProvider>
`;
