// Jest Snapshot v1, https://goo.gl/fbAQLP

exports[`should match the snapshot 1`] = `
<RNCSafeAreaProvider
  onInsetsChange={[Function]}
  style={
    Array [
      Object {
        "flex": 1,
      },
      undefined,
    ]
  }
>
  <View
    dataSet={Object {}}
    style={Object {}}
  >
    <Text
      dataSet={Object {}}
      level="3"
      style={
        Object {
          "backgroundColor": undefined,
          "color": "#000000",
          "fontFamily": "Roboto_500Medium",
          "fontSize": 24,
          "fontStyle": undefined,
          "fontWeight": undefined,
          "letterSpacing": 0,
          "lineHeight": 28,
          "textAlign": "auto",
          "textDecorationLine": undefined,
        }
      }
    >
      header
    </Text>
    <View
      dataSet={Object {}}
      style={Object {}}
    />
    <View
      dataSet={Object {}}
      style={
        Object {
          "flexDirection": "row",
        }
      }
    >
      <View
        dataSet={Object {}}
        style={Object {}}
      >
        <Text
          dataSet={Object {}}
          level="1"
          style={
            Object {
              "backgroundColor": undefined,
              "color": "#666666",
              "fontFamily": "Roboto_400Regular",
              "fontSize": 18,
              "fontStyle": undefined,
              "fontWeight": undefined,
              "letterSpacing": 0,
              "lineHeight": 26,
              "textAlign": "auto",
              "textDecorationLine": undefined,
            }
          }
        >
          label-1
        </Text>
        <View
          dataSet={Object {}}
          style={Object {}}
        />
        <Text
          dataSet={Object {}}
          level="1"
          style={
            Object {
              "backgroundColor": undefined,
              "color": "#000000",
              "fontFamily": "Roboto_500Medium",
              "fontSize": 18,
              "fontStyle": undefined,
              "fontWeight": undefined,
              "letterSpacing": 0,
              "lineHeight": 26,
              "textAlign": "auto",
              "textDecorationLine": undefined,
            }
          }
        >
          format-test-1
        </Text>
        <View
          dataSet={Object {}}
          style={Object {}}
        />
        <Text
          dataSet={Object {}}
          level="1"
          style={
            Object {
              "backgroundColor": undefined,
              "color": "#000000",
              "fontFamily": "Roboto_500Medium",
              "fontSize": 18,
              "fontStyle": undefined,
              "fontWeight": undefined,
              "letterSpacing": 0,
              "lineHeight": 26,
              "textAlign": "auto",
              "textDecorationLine": undefined,
            }
          }
        >
          format-test-2
        </Text>
      </View>
      <View
        dataSet={Object {}}
        style={
          Object {
            "width": 12,
          }
        }
      />
      <View
        dataSet={Object {}}
        style={Object {}}
      >
        <Text
          dataSet={Object {}}
          level="1"
          style={
            Object {
              "backgroundColor": undefined,
              "color": "#666666",
              "fontFamily": "Roboto_400Regular",
              "fontSize": 18,
              "fontStyle": undefined,
              "fontWeight": undefined,
              "letterSpacing": 0,
              "lineHeight": 26,
              "textAlign": "auto",
              "textDecorationLine": undefined,
            }
          }
        >
          label-2
        </Text>
        <View
          dataSet={Object {}}
          style={Object {}}
        />
        <View
          accessibilityRole="link"
          accessible={true}
          collapsable={false}
          dataSet={Object {}}
          focusable={true}
          onBlur={[Function]}
          onClick={[Function]}
          onFocus={[Function]}
          onHoverIn={[Function]}
          onHoverOut={[Function]}
          onResponderGrant={[Function]}
          onResponderMove={[Function]}
          onResponderRelease={[Function]}
          onResponderTerminate={[Function]}
          onResponderTerminationRequest={[Function]}
          onStartShouldSetResponder={[Function]}
          style={
            Object {
              "flexDirection": "row",
              "height": "auto",
              "width": "auto",
            }
          }
        >
          <Text
            dataSet={Object {}}
            level="1"
            style={
              Object {
                "backgroundColor": undefined,
                "color": "#000000",
                "fontFamily": "Roboto_400Regular",
                "fontSize": 20,
                "fontStyle": undefined,
                "fontWeight": undefined,
                "letterSpacing": 0,
                "lineHeight": 34,
                "textAlign": "auto",
                "textDecorationLine": "underline",
              }
            }
          >
            format-test-1
          </Text>
        </View>
        <View
          dataSet={Object {}}
          style={Object {}}
        />
        <View
          accessibilityRole="link"
          accessible={true}
          collapsable={false}
          dataSet={Object {}}
          focusable={true}
          onBlur={[Function]}
          onClick={[Function]}
          onFocus={[Function]}
          onHoverIn={[Function]}
          onHoverOut={[Function]}
          onResponderGrant={[Function]}
          onResponderMove={[Function]}
          onResponderRelease={[Function]}
          onResponderTerminate={[Function]}
          onResponderTerminationRequest={[Function]}
          onStartShouldSetResponder={[Function]}
          style={
            Object {
              "flexDirection": "row",
              "height": "auto",
              "width": "auto",
            }
          }
        >
          <Text
            dataSet={Object {}}
            level="1"
            style={
              Object {
                "backgroundColor": undefined,
                "color": "#000000",
                "fontFamily": "Roboto_400Regular",
                "fontSize": 20,
                "fontStyle": undefined,
                "fontWeight": undefined,
                "letterSpacing": 0,
                "lineHeight": 34,
                "textAlign": "auto",
                "textDecorationLine": "underline",
              }
            }
          >
            format-test-2
          </Text>
        </View>
      </View>
    </View>
  </View>
</RNCSafeAreaProvider>
`;
