// Jest Snapshot v1, https://goo.gl/fbAQLP

exports[`should match the snapshot 1`] = `
<RNCSafeAreaProvider
  onInsetsChange={[Function]}
  style={
    Array [
      Object {
        "flex": 1,
      },
      undefined,
    ]
  }
>
  <View
    dataSet={Object {}}
    style={
      Array [
        Object {},
        Array [
          Object {},
        ],
      ]
    }
  >
    <View
      _text={
        Object {
          "color": "lightText",
        }
      }
      accessibilityRole="button"
      accessible={true}
      collapsable={false}
      colorScheme="primary"
      dataSet={Object {}}
      focusable={true}
      onBlur={[Function]}
      onClick={[Function]}
      onFocus={[Function]}
      onHoverIn={[Function]}
      onHoverOut={[Function]}
      onResponderGrant={[Function]}
      onResponderMove={[Function]}
      onResponderRelease={[Function]}
      onResponderTerminate={[Function]}
      onResponderTerminationRequest={[Function]}
      onStartShouldSetResponder={[Function]}
      style={
        Object {
          "alignItems": "center",
          "backgroundColor": "#FF7602",
          "borderRadius": 3,
          "color": Object {
            "100": "#FFF0E6",
            "200": "#FFCEAE",
            "300": "#FB9F5D",
            "400": "#22d3ee",
            "50": "#ecfeff",
            "500": "#FF7602",
            "600": "#0891b2",
            "700": "#0e7490",
            "800": "#155e75",
            "900": "#164e63",
          },
          "flexDirection": "row",
          "height": "nrc_10",
          "justifyContent": "center",
          "paddingBottom": 8,
          "paddingLeft": "nrc_10",
          "paddingRight": "nrc_10",
          "paddingTop": 8,
        }
      }
    >
      <View
        dataSet={Object {}}
        style={
          Object {
            "alignItems": "center",
            "flexDirection": "row",
          }
        }
      >
        <View
          dataSet={Object {}}
          style={Object {}}
        >
          <Text
            dataSet={Object {}}
            level="1"
            style={
              Object {
                "backgroundColor": undefined,
                "color": "#fff",
                "fontFamily": "Roboto_500Medium",
                "fontSize": 20,
                "fontStyle": undefined,
                "fontWeight": undefined,
                "letterSpacing": 0,
                "lineHeight": 24,
                "textAlign": "auto",
                "textDecorationLine": undefined,
              }
            }
          >
            Login
          </Text>
        </View>
      </View>
    </View>
  </View>
</RNCSafeAreaProvider>
`;
