// Jest Snapshot v1, https://goo.gl/fbAQLP

exports[`should match the snapshot 1`] = `
<RNCSafeAreaProvider
  onInsetsChange={[Function]}
  style={
    Array [
      Object {
        "flex": 1,
      },
      undefined,
    ]
  }
>
  <View
    dataSet={Object {}}
    style={
      Object {
        "flexDirection": "row",
        "height": "100%",
      }
    }
  >
    <View
      dataSet={Object {}}
      style={
        Object {
          "alignItems": "flex-start",
          "backgroundColor": Object {
            "100": "#fee2e2",
            "200": "#fecaca",
            "300": "#fca5a5",
            "400": "#f87171",
            "50": "#fef2f2",
            "500": "#ef4444",
            "600": "#dc2626",
            "700": "#b91c1c",
            "800": "#991b1b",
            "900": "#7f1d1d",
          },
          "height": "100%",
          "justifyContent": "flex-start",
          "maxWidth": 700,
          "paddingLeft": 130,
          "paddingTop": 40,
          "width": 700,
          "zIndex": 1,
        }
      }
    >
      <RNSVGSvgView
        accessibilityRole="image"
        align="xMidYMid"
        bbHeight={65}
        bbWidth={65}
        color={4280690214}
        dataSet={Object {}}
        fill="currentColor"
        focusable={false}
        meetOrSlice={0}
        minX={0}
        minY={0}
        stroke=""
        style={
          Array [
            Object {
              "backgroundColor": "transparent",
              "borderWidth": 0,
            },
            Object {
              "color": "#262626",
              "height": 65,
              "paddingBottom": 55,
              "width": 65,
            },
            Object {
              "flex": 0,
              "height": 65,
              "width": 65,
            },
          ]
        }
        tintColor={4280690214}
        vbHeight={20}
        vbWidth={20}
      >
        <RNSVGGroup
          fill={
            Array [
              2,
            ]
          }
          propList={
            Array [
              "fill",
              "stroke",
            ]
          }
          stroke={null}
        >
          <RNSVGGroup>
            <RNSVGSvgView
              align="xMidYMid"
              bbHeight="100%"
              bbWidth="100%"
              focusable={false}
              height="100%"
              meetOrSlice={0}
              minX={123}
              minY={46}
              style={
                Array [
                  Object {
                    "backgroundColor": "transparent",
                    "borderWidth": 0,
                  },
                  Object {
                    "flex": 0,
                    "height": "100%",
                    "width": "100%",
                  },
                ]
              }
              vbHeight={207}
              vbWidth={207}
              width="100%"
            >
              <RNSVGGroup>
                <RNSVGRect
                  fill={4294931970}
                  height="100%"
                  propList={
                    Array [
                      "fill",
                    ]
                  }
                  width="100%"
                  x="123.44"
                  y="46.03"
                />
                <RNSVGPath
                  d="M185.72,207.23l-23.25-43,.38,43H147.67V135.16h15.18l23.26,43-.39-43H200.9v72.06Z"
                  fill={4294967295}
                  propList={
                    Array [
                      "fill",
                    ]
                  }
                />
                <RNSVGPath
                  d="M224.41,207.23H209V135.16h24.51c19.41,0,26.11,8.84,25.75,22.58-.32,12.32-4.93,15.75-12.52,19.4l17.63,30.08h-18l-14.56-27h-7.47Zm0-40.94h10.47c6.83,0,7.69-4.61,7.69-8.55s-.87-8.55-7.69-8.55H224.41Z"
                  fill={4294967295}
                  propList={
                    Array [
                      "fill",
                    ]
                  }
                />
                <RNSVGPath
                  d="M294.94,133.81c8.36,0,12.1,1.54,15,2.69V151a32,32,0,0,0-13.45-2.78c-11.72,0-17.1,4.71-17.1,23s5.38,23,17.1,23a31.9,31.9,0,0,0,13.45-2.79v14.51c-2.88,1.16-6.63,2.69-15,2.69-21,0-31-10.29-31.13-37.38C263.9,144.1,273.89,133.81,294.94,133.81Z"
                  fill={4294967295}
                  propList={
                    Array [
                      "fill",
                    ]
                  }
                />
              </RNSVGGroup>
            </RNSVGSvgView>
          </RNSVGGroup>
        </RNSVGGroup>
      </RNSVGSvgView>
      <Text
        dataSet={Object {}}
        level="1"
        style={
          Object {
            "backgroundColor": undefined,
            "color": "#000000",
            "fontFamily": "Roboto_500Medium",
            "fontSize": 32,
            "fontStyle": undefined,
            "fontWeight": undefined,
            "letterSpacing": 0,
            "lineHeight": 38,
            "marginBottom": 40,
            "textAlign": "auto",
            "textDecorationLine": undefined,
          }
        }
      >
        Login
      </Text>
      <Text
        dataSet={Object {}}
        level="1"
        style={
          Object {
            "backgroundColor": undefined,
            "color": "#000000",
            "fontFamily": "Roboto_400Regular",
            "fontSize": 18,
            "fontStyle": undefined,
            "fontWeight": undefined,
            "letterSpacing": 0,
            "lineHeight": 26,
            "marginBottom": 35,
            "textAlign": "auto",
            "textDecorationLine": undefined,
          }
        }
      >
        Access to your personal account
      </Text>
      <View
        _text={
          Object {
            "color": "lightText",
          }
        }
        accessibilityRole="button"
        accessible={true}
        collapsable={false}
        colorScheme="primary"
        dataSet={Object {}}
        focusable={true}
        onBlur={[Function]}
        onClick={[Function]}
        onFocus={[Function]}
        onHoverIn={[Function]}
        onHoverOut={[Function]}
        onResponderGrant={[Function]}
        onResponderMove={[Function]}
        onResponderRelease={[Function]}
        onResponderTerminate={[Function]}
        onResponderTerminationRequest={[Function]}
        onStartShouldSetResponder={[Function]}
        style={
          Object {
            "alignItems": "center",
            "backgroundColor": "#FF7602",
            "borderRadius": 3,
            "color": Object {
              "100": "#FFF0E6",
              "200": "#FFCEAE",
              "300": "#FB9F5D",
              "400": "#22d3ee",
              "50": "#ecfeff",
              "500": "#FF7602",
              "600": "#0891b2",
              "700": "#0e7490",
              "800": "#155e75",
              "900": "#164e63",
            },
            "flexDirection": "row",
            "height": 50,
            "justifyContent": "center",
            "paddingBottom": 8,
            "paddingLeft": 50,
            "paddingRight": 50,
            "paddingTop": 8,
            "width": 440,
          }
        }
        testID="login-button"
      >
        <View
          dataSet={Object {}}
          style={
            Object {
              "alignItems": "center",
              "flexDirection": "row",
            }
          }
        >
          <View
            dataSet={Object {}}
            style={Object {}}
          >
            <Text
              dataSet={Object {}}
              level="1"
              style={
                Object {
                  "backgroundColor": undefined,
                  "color": "#fff",
                  "fontFamily": "Roboto_500Medium",
                  "fontSize": 20,
                  "fontStyle": undefined,
                  "fontWeight": undefined,
                  "letterSpacing": 0,
                  "lineHeight": 24,
                  "textAlign": "auto",
                  "textDecorationLine": undefined,
                }
              }
            >
              Login
            </Text>
          </View>
        </View>
      </View>
    </View>
    <View
      dataSet={Object {}}
      style={
        Object {
          "backgroundColor": "#C7C7C7",
          "flexGrow": 1,
        }
      }
    />
  </View>
</RNCSafeAreaProvider>
`;
