// Jest Snapshot v1, https://goo.gl/fbAQLP

exports[`AddRecordScreen renders correctly 1`] = `
<RCTScrollView
  contentContainerStyle={
    Array [
      Object {
        "flex": 1,
        "flexGrow": 1,
      },
      Object {
        "alignItems": "flex-start",
        "flexGrow": 1,
        "justifyContent": "flex-start",
        "padding": 18,
      },
      Object {
        "backgroundColor": "#24303E",
        "color": "#000000",
      },
    ]
  }
>
  <View>
    <View
      style={Array []}
    >
      <View
        style={
          Object {
            "display": "flex",
            "flexDirection": "column",
          }
        }
      >
        <Text>
          There is locally stored data for this individual.
        </Text>
      </View>
      <View
        style={
          Object {
            "display": "flex",
            "flexDirection": "column",
          }
        }
      >
        <Text>
          Do you want to upload it?
        </Text>
        <View
          accessibilityLabel="Submit local data"
          accessibilityRole="button"
          accessibilityState={Object {}}
          accessible={true}
          focusable={true}
          nativeBackgroundAndroid={
            Object {
              "attribute": "selectableItemBackground",
              "rippleRadius": undefined,
              "type": "ThemeAttrAndroid",
            }
          }
          onClick={[Function]}
          onResponderGrant={[Function]}
          onResponderMove={[Function]}
          onResponderRelease={[Function]}
          onResponderTerminate={[Function]}
          onResponderTerminationRequest={[Function]}
          onStartShouldSetResponder={[Function]}
          style={
            Array [
              Object {},
            ]
          }
        >
          <Text
            style={
              Array [
                Object {
                  "color": "#007AFF",
                  "fontSize": 18,
                  "margin": 8,
                  "textAlign": "center",
                },
              ]
            }
          >
            SUBMIT LOCAL DATA
          </Text>
        </View>
      </View>
      <View
        style={
          Object {
            "width": "100%",
          }
        }
      >
        <View
          style={
            Object {
              "margin": 10,
            }
          }
          testID="formControl"
        >
          <View
            style={
              Object {
                "width": "100%",
              }
            }
          >
            <Text
              style={
                Array [
                  Object {
                    "color": "#FFFFFF",
                    "fontFamily": "System",
                    "fontWeight": "400",
                  },
                  Object {
                    "textAlign": "left",
                  },
                  undefined,
                ]
              }
            >
              something
            </Text>
            <View
              style={
                Array [
                  Object {
                    "backgroundColor": "rgb(231, 231, 231)",
                    "borderTopLeftRadius": 4,
                    "borderTopRightRadius": 4,
                  },
                  Object {},
                ]
              }
            >
              <View
                style={
                  Object {
                    "backgroundColor": "rgba(0, 0, 0, 0.26)",
                    "bottom": 0,
                    "height": 2,
                    "left": 0,
                    "position": "absolute",
                    "right": 0,
                    "transform": Array [
                      Object {
                        "scaleY": 0.5,
                      },
                    ],
                  }
                }
              />
              <View
                style={
                  Array [
                    Object {
                      "paddingBottom": 0,
                      "paddingTop": 0,
                    },
                    Object {
                      "minHeight": 64,
                    },
                  ]
                }
              >
                <TextInput
                  allowFontScaling={true}
                  editable={true}
                  keyboardType="default"
                  multiline={false}
                  onBlur={[Function]}
                  onChangeText={[Function]}
                  onFocus={[Function]}
                  placeholderTextColor="rgba(0, 0, 0, 0.54)"
                  rejectResponderTermination={true}
                  selectionColor="#6200ee"
                  style={
                    Array [
                      Object {
                        "flexGrow": 1,
                        "margin": 0,
                        "zIndex": 1,
                      },
                      Object {
                        "paddingLeft": 12,
                        "paddingRight": 12,
                      },
                      Object {
                        "height": 64,
                      },
                      Object {
                        "paddingBottom": 0,
                        "paddingTop": 0,
                      },
                      Object {
                        "color": "#000000",
                        "fontFamily": "System",
                        "fontSize": 16,
                        "fontWeight": undefined,
                        "textAlign": "left",
                        "textAlignVertical": "center",
                      },
                      false,
                      Array [
                        Object {},
                      ],
                    ]
                  }
                  underlineColorAndroid="transparent"
                />
              </View>
            </View>
          </View>
        </View>
        <View
          style={
            Object {
              "margin": 10,
            }
          }
          testID="formControl"
        >
          <View
            style={
              Object {
                "width": "100%",
              }
            }
          >
            <Text
              style={
                Array [
                  Object {
                    "color": "#FFFFFF",
                    "fontFamily": "System",
                    "fontWeight": "400",
                  },
                  Object {
                    "textAlign": "left",
                  },
                  undefined,
                ]
              }
            >
              something
            </Text>
            <View
              style={
                Array [
                  Object {
                    "backgroundColor": "rgb(231, 231, 231)",
                    "borderTopLeftRadius": 4,
                    "borderTopRightRadius": 4,
                  },
                  Object {},
                ]
              }
            >
              <View
                style={
                  Object {
                    "backgroundColor": "rgba(0, 0, 0, 0.26)",
                    "bottom": 0,
                    "height": 2,
                    "left": 0,
                    "position": "absolute",
                    "right": 0,
                    "transform": Array [
                      Object {
                        "scaleY": 0.5,
                      },
                    ],
                  }
                }
              />
              <View
                style={
                  Array [
                    Object {
                      "paddingBottom": 0,
                      "paddingTop": 0,
                    },
                    Object {
                      "minHeight": 64,
                    },
                  ]
                }
              >
                <TextInput
                  allowFontScaling={true}
                  editable={true}
                  keyboardType="default"
                  multiline={false}
                  onBlur={[Function]}
                  onChangeText={[Function]}
                  onFocus={[Function]}
                  placeholderTextColor="rgba(0, 0, 0, 0.54)"
                  rejectResponderTermination={true}
                  selectionColor="#6200ee"
                  style={
                    Array [
                      Object {
                        "flexGrow": 1,
                        "margin": 0,
                        "zIndex": 1,
                      },
                      Object {
                        "paddingLeft": 12,
                        "paddingRight": 12,
                      },
                      Object {
                        "height": 64,
                      },
                      Object {
                        "paddingBottom": 0,
                        "paddingTop": 0,
                      },
                      Object {
                        "color": "#000000",
                        "fontFamily": "System",
                        "fontSize": 16,
                        "fontWeight": undefined,
                        "textAlign": "left",
                        "textAlignVertical": "center",
                      },
                      false,
                      Array [
                        Object {},
                      ],
                    ]
                  }
                  underlineColorAndroid="transparent"
                />
              </View>
            </View>
          </View>
        </View>
        <View
          style={
            Object {
              "margin": 10,
            }
          }
          testID="formControl"
        >
          <View
            style={
              Object {
                "width": "100%",
              }
            }
          >
            <Text
              style={
                Array [
                  Object {
                    "color": "#FFFFFF",
                    "fontFamily": "System",
                    "fontWeight": "400",
                  },
                  Object {
                    "textAlign": "left",
                  },
                  undefined,
                ]
              }
            >
              something
            </Text>
            <View
              style={
                Array [
                  Object {
                    "backgroundColor": "rgb(231, 231, 231)",
                    "borderTopLeftRadius": 4,
                    "borderTopRightRadius": 4,
                  },
                  Object {},
                ]
              }
            >
              <View
                style={
                  Object {
                    "backgroundColor": "rgba(0, 0, 0, 0.26)",
                    "bottom": 0,
                    "height": 2,
                    "left": 0,
                    "position": "absolute",
                    "right": 0,
                    "transform": Array [
                      Object {
                        "scaleY": 0.5,
                      },
                    ],
                  }
                }
              />
              <View
                style={
                  Array [
                    Object {
                      "paddingBottom": 0,
                      "paddingTop": 0,
                    },
                    Object {
                      "minHeight": 64,
                    },
                  ]
                }
              >
                <TextInput
                  allowFontScaling={true}
                  editable={true}
                  keyboardType="default"
                  multiline={false}
                  onBlur={[Function]}
                  onChangeText={[Function]}
                  onFocus={[Function]}
                  placeholderTextColor="rgba(0, 0, 0, 0.54)"
                  rejectResponderTermination={true}
                  selectionColor="#6200ee"
                  style={
                    Array [
                      Object {
                        "flexGrow": 1,
                        "margin": 0,
                        "zIndex": 1,
                      },
                      Object {
                        "paddingLeft": 12,
                        "paddingRight": 12,
                      },
                      Object {
                        "height": 64,
                      },
                      Object {
                        "paddingBottom": 0,
                        "paddingTop": 0,
                      },
                      Object {
                        "color": "#000000",
                        "fontFamily": "System",
                        "fontSize": 16,
                        "fontWeight": undefined,
                        "textAlign": "left",
                        "textAlignVertical": "center",
                      },
                      false,
                      Array [
                        Object {},
                      ],
                    ]
                  }
                  underlineColorAndroid="transparent"
                />
              </View>
            </View>
          </View>
        </View>
        <View
          style={
            Object {
              "margin": 10,
            }
          }
          testID="formControl"
        >
          <View
            style={
              Object {
                "width": "100%",
              }
            }
          >
            <Text
              style={
                Array [
                  Object {
                    "color": "#FFFFFF",
                    "fontFamily": "System",
                    "fontWeight": "400",
                  },
                  Object {
                    "textAlign": "left",
                  },
                  undefined,
                ]
              }
            >
              something
            </Text>
            <View
              style={
                Array [
                  Object {
                    "backgroundColor": "rgb(231, 231, 231)",
                    "borderTopLeftRadius": 4,
                    "borderTopRightRadius": 4,
                  },
                  Object {},
                ]
              }
            >
              <View
                style={
                  Object {
                    "backgroundColor": "rgba(0, 0, 0, 0.26)",
                    "bottom": 0,
                    "height": 2,
                    "left": 0,
                    "position": "absolute",
                    "right": 0,
                    "transform": Array [
                      Object {
                        "scaleY": 0.5,
                      },
                    ],
                  }
                }
              />
              <View
                style={
                  Array [
                    Object {
                      "paddingBottom": 0,
                      "paddingTop": 0,
                    },
                    Object {
                      "minHeight": 64,
                    },
                  ]
                }
              >
                <TextInput
                  allowFontScaling={true}
                  editable={true}
                  keyboardType="default"
                  multiline={false}
                  onBlur={[Function]}
                  onChangeText={[Function]}
                  onFocus={[Function]}
                  placeholderTextColor="rgba(0, 0, 0, 0.54)"
                  rejectResponderTermination={true}
                  selectionColor="#6200ee"
                  style={
                    Array [
                      Object {
                        "flexGrow": 1,
                        "margin": 0,
                        "zIndex": 1,
                      },
                      Object {
                        "paddingLeft": 12,
                        "paddingRight": 12,
                      },
                      Object {
                        "height": 64,
                      },
                      Object {
                        "paddingBottom": 0,
                        "paddingTop": 0,
                      },
                      Object {
                        "color": "#000000",
                        "fontFamily": "System",
                        "fontSize": 16,
                        "fontWeight": undefined,
                        "textAlign": "left",
                        "textAlignVertical": "center",
                      },
                      false,
                      Array [
                        Object {},
                      ],
                    ]
                  }
                  underlineColorAndroid="transparent"
                />
              </View>
            </View>
          </View>
        </View>
        <View
          style={
            Object {
              "margin": 10,
            }
          }
          testID="formControl"
        >
          <View
            style={
              Object {
                "width": "100%",
              }
            }
          >
            <Text
              style={
                Array [
                  Object {
                    "color": "#FFFFFF",
                    "fontFamily": "System",
                    "fontWeight": "400",
                  },
                  Object {
                    "textAlign": "left",
                  },
                  undefined,
                ]
              }
            >
              something
            </Text>
            <View
              style={
                Array [
                  Object {
                    "backgroundColor": "rgb(231, 231, 231)",
                    "borderTopLeftRadius": 4,
                    "borderTopRightRadius": 4,
                  },
                  Object {},
                ]
              }
            >
              <View
                style={
                  Object {
                    "backgroundColor": "rgba(0, 0, 0, 0.26)",
                    "bottom": 0,
                    "height": 2,
                    "left": 0,
                    "position": "absolute",
                    "right": 0,
                    "transform": Array [
                      Object {
                        "scaleY": 0.5,
                      },
                    ],
                  }
                }
              />
              <View
                style={
                  Array [
                    Object {
                      "paddingBottom": 0,
                      "paddingTop": 0,
                    },
                    Object {
                      "minHeight": 64,
                    },
                  ]
                }
              >
                <TextInput
                  allowFontScaling={true}
                  editable={true}
                  keyboardType="default"
                  multiline={false}
                  onBlur={[Function]}
                  onChangeText={[Function]}
                  onFocus={[Function]}
                  placeholderTextColor="rgba(0, 0, 0, 0.54)"
                  rejectResponderTermination={true}
                  selectionColor="#6200ee"
                  style={
                    Array [
                      Object {
                        "flexGrow": 1,
                        "margin": 0,
                        "zIndex": 1,
                      },
                      Object {
                        "paddingLeft": 12,
                        "paddingRight": 12,
                      },
                      Object {
                        "height": 64,
                      },
                      Object {
                        "paddingBottom": 0,
                        "paddingTop": 0,
                      },
                      Object {
                        "color": "#000000",
                        "fontFamily": "System",
                        "fontSize": 16,
                        "fontWeight": undefined,
                        "textAlign": "left",
                        "textAlignVertical": "center",
                      },
                      false,
                      Array [
                        Object {},
                      ],
                    ]
                  }
                  underlineColorAndroid="transparent"
                />
              </View>
            </View>
          </View>
        </View>
        <View
          style={
            Object {
              "margin": 10,
            }
          }
          testID="formControl"
        >
          <View
            style={
              Object {
                "width": "100%",
              }
            }
          >
            <Text
              style={
                Array [
                  Object {
                    "color": "#FFFFFF",
                    "fontFamily": "System",
                    "fontWeight": "400",
                  },
                  Object {
                    "textAlign": "left",
                  },
                  undefined,
                ]
              }
            >
              something
            </Text>
            <View
              style={
                Array [
                  Object {
                    "backgroundColor": "rgb(231, 231, 231)",
                    "borderTopLeftRadius": 4,
                    "borderTopRightRadius": 4,
                  },
                  Object {},
                ]
              }
            >
              <View
                style={
                  Object {
                    "backgroundColor": "rgba(0, 0, 0, 0.26)",
                    "bottom": 0,
                    "height": 2,
                    "left": 0,
                    "position": "absolute",
                    "right": 0,
                    "transform": Array [
                      Object {
                        "scaleY": 0.5,
                      },
                    ],
                  }
                }
              />
              <View
                style={
                  Array [
                    Object {
                      "paddingBottom": 0,
                      "paddingTop": 0,
                    },
                    Object {
                      "minHeight": 64,
                    },
                  ]
                }
              >
                <TextInput
                  allowFontScaling={true}
                  editable={true}
                  keyboardType="default"
                  multiline={false}
                  onBlur={[Function]}
                  onChangeText={[Function]}
                  onFocus={[Function]}
                  placeholderTextColor="rgba(0, 0, 0, 0.54)"
                  rejectResponderTermination={true}
                  selectionColor="#6200ee"
                  style={
                    Array [
                      Object {
                        "flexGrow": 1,
                        "margin": 0,
                        "zIndex": 1,
                      },
                      Object {
                        "paddingLeft": 12,
                        "paddingRight": 12,
                      },
                      Object {
                        "height": 64,
                      },
                      Object {
                        "paddingBottom": 0,
                        "paddingTop": 0,
                      },
                      Object {
                        "color": "#000000",
                        "fontFamily": "System",
                        "fontSize": 16,
                        "fontWeight": undefined,
                        "textAlign": "left",
                        "textAlignVertical": "center",
                      },
                      false,
                      Array [
                        Object {},
                      ],
                    ]
                  }
                  underlineColorAndroid="transparent"
                />
              </View>
            </View>
          </View>
        </View>
        <View
          style={
            Object {
              "margin": 10,
            }
          }
          testID="formControl"
        >
          <View
            style={
              Object {
                "width": "100%",
              }
            }
          >
            <Text
              style={
                Array [
                  Object {
                    "color": "#FFFFFF",
                    "fontFamily": "System",
                    "fontWeight": "400",
                  },
                  Object {
                    "textAlign": "left",
                  },
                  undefined,
                ]
              }
            >
              something
            </Text>
            <View
              style={
                Array [
                  Object {
                    "backgroundColor": "rgb(231, 231, 231)",
                    "borderTopLeftRadius": 4,
                    "borderTopRightRadius": 4,
                  },
                  Object {},
                ]
              }
            >
              <View
                style={
                  Object {
                    "backgroundColor": "rgba(0, 0, 0, 0.26)",
                    "bottom": 0,
                    "height": 2,
                    "left": 0,
                    "position": "absolute",
                    "right": 0,
                    "transform": Array [
                      Object {
                        "scaleY": 0.5,
                      },
                    ],
                  }
                }
              />
              <View
                style={
                  Array [
                    Object {
                      "paddingBottom": 0,
                      "paddingTop": 0,
                    },
                    Object {
                      "minHeight": 64,
                    },
                  ]
                }
              >
                <TextInput
                  allowFontScaling={true}
                  editable={true}
                  keyboardType="default"
                  multiline={false}
                  onBlur={[Function]}
                  onChangeText={[Function]}
                  onFocus={[Function]}
                  placeholderTextColor="rgba(0, 0, 0, 0.54)"
                  rejectResponderTermination={true}
                  selectionColor="#6200ee"
                  style={
                    Array [
                      Object {
                        "flexGrow": 1,
                        "margin": 0,
                        "zIndex": 1,
                      },
                      Object {
                        "paddingLeft": 12,
                        "paddingRight": 12,
                      },
                      Object {
                        "height": 64,
                      },
                      Object {
                        "paddingBottom": 0,
                        "paddingTop": 0,
                      },
                      Object {
                        "color": "#000000",
                        "fontFamily": "System",
                        "fontSize": 16,
                        "fontWeight": undefined,
                        "textAlign": "left",
                        "textAlignVertical": "center",
                      },
                      false,
                      Array [
                        Object {},
                      ],
                    ]
                  }
                  underlineColorAndroid="transparent"
                />
              </View>
            </View>
          </View>
        </View>
        <View
          style={
            Object {
              "margin": 10,
            }
          }
          testID="formControl"
        >
          <View
            style={
              Object {
                "width": "100%",
              }
            }
          >
            <Text
              style={
                Array [
                  Object {
                    "color": "#FFFFFF",
                    "fontFamily": "System",
                    "fontWeight": "400",
                  },
                  Object {
                    "textAlign": "left",
                  },
                  undefined,
                ]
              }
            >
              something
            </Text>
            <View
              style={
                Array [
                  Object {
                    "backgroundColor": "rgb(231, 231, 231)",
                    "borderTopLeftRadius": 4,
                    "borderTopRightRadius": 4,
                  },
                  Object {},
                ]
              }
            >
              <View
                style={
                  Object {
                    "backgroundColor": "rgba(0, 0, 0, 0.26)",
                    "bottom": 0,
                    "height": 2,
                    "left": 0,
                    "position": "absolute",
                    "right": 0,
                    "transform": Array [
                      Object {
                        "scaleY": 0.5,
                      },
                    ],
                  }
                }
              />
              <View
                style={
                  Array [
                    Object {
                      "paddingBottom": 0,
                      "paddingTop": 0,
                    },
                    Object {
                      "minHeight": 64,
                    },
                  ]
                }
              >
                <TextInput
                  allowFontScaling={true}
                  editable={true}
                  keyboardType="default"
                  multiline={false}
                  onBlur={[Function]}
                  onChangeText={[Function]}
                  onFocus={[Function]}
                  placeholderTextColor="rgba(0, 0, 0, 0.54)"
                  rejectResponderTermination={true}
                  selectionColor="#6200ee"
                  style={
                    Array [
                      Object {
                        "flexGrow": 1,
                        "margin": 0,
                        "zIndex": 1,
                      },
                      Object {
                        "paddingLeft": 12,
                        "paddingRight": 12,
                      },
                      Object {
                        "height": 64,
                      },
                      Object {
                        "paddingBottom": 0,
                        "paddingTop": 0,
                      },
                      Object {
                        "color": "#000000",
                        "fontFamily": "System",
                        "fontSize": 16,
                        "fontWeight": undefined,
                        "textAlign": "left",
                        "textAlignVertical": "center",
                      },
                      false,
                      Array [
                        Object {},
                      ],
                    ]
                  }
                  underlineColorAndroid="transparent"
                />
              </View>
            </View>
          </View>
        </View>
        <View
          style={
            Object {
              "margin": 10,
            }
          }
          testID="formControl"
        >
          <View
            style={
              Object {
                "width": "100%",
              }
            }
          >
            <Text
              style={
                Array [
                  Object {
                    "color": "#FFFFFF",
                    "fontFamily": "System",
                    "fontWeight": "400",
                  },
                  Object {
                    "textAlign": "left",
                  },
                  undefined,
                ]
              }
            >
              something
            </Text>
            <View
              style={
                Array [
                  Object {
                    "backgroundColor": "rgb(231, 231, 231)",
                    "borderTopLeftRadius": 4,
                    "borderTopRightRadius": 4,
                  },
                  Object {},
                ]
              }
            >
              <View
                style={
                  Object {
                    "backgroundColor": "rgba(0, 0, 0, 0.26)",
                    "bottom": 0,
                    "height": 2,
                    "left": 0,
                    "position": "absolute",
                    "right": 0,
                    "transform": Array [
                      Object {
                        "scaleY": 0.5,
                      },
                    ],
                  }
                }
              />
              <View
                style={
                  Array [
                    Object {
                      "paddingBottom": 0,
                      "paddingTop": 0,
                    },
                    Object {
                      "minHeight": 64,
                    },
                  ]
                }
              >
                <TextInput
                  allowFontScaling={true}
                  editable={true}
                  keyboardType="default"
                  multiline={false}
                  onBlur={[Function]}
                  onChangeText={[Function]}
                  onFocus={[Function]}
                  placeholderTextColor="rgba(0, 0, 0, 0.54)"
                  rejectResponderTermination={true}
                  selectionColor="#6200ee"
                  style={
                    Array [
                      Object {
                        "flexGrow": 1,
                        "margin": 0,
                        "zIndex": 1,
                      },
                      Object {
                        "paddingLeft": 12,
                        "paddingRight": 12,
                      },
                      Object {
                        "height": 64,
                      },
                      Object {
                        "paddingBottom": 0,
                        "paddingTop": 0,
                      },
                      Object {
                        "color": "#000000",
                        "fontFamily": "System",
                        "fontSize": 16,
                        "fontWeight": undefined,
                        "textAlign": "left",
                        "textAlignVertical": "center",
                      },
                      false,
                      Array [
                        Object {},
                      ],
                    ]
                  }
                  underlineColorAndroid="transparent"
                />
              </View>
            </View>
          </View>
        </View>
        <View
          style={
            Object {
              "margin": 10,
            }
          }
          testID="formControl"
        >
          <View
            style={
              Object {
                "width": "100%",
              }
            }
          >
            <Text
              style={
                Array [
                  Object {
                    "color": "#FFFFFF",
                    "fontFamily": "System",
                    "fontWeight": "400",
                  },
                  Object {
                    "textAlign": "left",
                  },
                  undefined,
                ]
              }
            >
              something
            </Text>
            <View
              style={
                Array [
                  Object {
                    "backgroundColor": "rgb(231, 231, 231)",
                    "borderTopLeftRadius": 4,
                    "borderTopRightRadius": 4,
                  },
                  Object {},
                ]
              }
            >
              <View
                style={
                  Object {
                    "backgroundColor": "rgba(0, 0, 0, 0.26)",
                    "bottom": 0,
                    "height": 2,
                    "left": 0,
                    "position": "absolute",
                    "right": 0,
                    "transform": Array [
                      Object {
                        "scaleY": 0.5,
                      },
                    ],
                  }
                }
              />
              <View
                style={
                  Array [
                    Object {
                      "paddingBottom": 0,
                      "paddingTop": 0,
                    },
                    Object {
                      "minHeight": 64,
                    },
                  ]
                }
              >
                <TextInput
                  allowFontScaling={true}
                  editable={true}
                  keyboardType="default"
                  multiline={false}
                  onBlur={[Function]}
                  onChangeText={[Function]}
                  onFocus={[Function]}
                  placeholderTextColor="rgba(0, 0, 0, 0.54)"
                  rejectResponderTermination={true}
                  selectionColor="#6200ee"
                  style={
                    Array [
                      Object {
                        "flexGrow": 1,
                        "margin": 0,
                        "zIndex": 1,
                      },
                      Object {
                        "paddingLeft": 12,
                        "paddingRight": 12,
                      },
                      Object {
                        "height": 64,
                      },
                      Object {
                        "paddingBottom": 0,
                        "paddingTop": 0,
                      },
                      Object {
                        "color": "#000000",
                        "fontFamily": "System",
                        "fontSize": 16,
                        "fontWeight": undefined,
                        "textAlign": "left",
                        "textAlignVertical": "center",
                      },
                      false,
                      Array [
                        Object {},
                      ],
                    ]
                  }
                  underlineColorAndroid="transparent"
                />
              </View>
            </View>
          </View>
        </View>
        <View
          accessibilityLabel="Submit"
          accessibilityRole="button"
          accessibilityState={Object {}}
          accessible={true}
          focusable={true}
          nativeBackgroundAndroid={
            Object {
              "attribute": "selectableItemBackground",
              "rippleRadius": undefined,
              "type": "ThemeAttrAndroid",
            }
          }
          onClick={[Function]}
          onResponderGrant={[Function]}
          onResponderMove={[Function]}
          onResponderRelease={[Function]}
          onResponderTerminate={[Function]}
          onResponderTerminationRequest={[Function]}
          onStartShouldSetResponder={[Function]}
          style={
            Array [
              Object {},
            ]
          }
        >
          <Text
            style={
              Array [
                Object {
                  "color": "#007AFF",
                  "fontSize": 18,
                  "margin": 8,
                  "textAlign": "center",
                },
              ]
            }
          >
            SUBMIT
          </Text>
        </View>
      </View>
    </View>
  </View>
</RCTScrollView>
`;
