// Jest Snapshot v1, https://goo.gl/fbAQLP

exports[`should match the snapshot 1`] = `
<RNCSafeAreaProvider
  onInsetsChange={[Function]}
  style={
    Array [
      Object {
        "flex": 1,
      },
      undefined,
    ]
  }
>
  <View
    dataSet={Object {}}
    style={Object {}}
  >
    <View
      dataSet={Object {}}
      style={Object {}}
    >
      <View
        _text={
          Object {
            "color": "lightText",
          }
        }
        accessible={true}
        collapsable={false}
        dataSet={Object {}}
        focusable={true}
        onBlur={[Function]}
        onClick={[Function]}
        onFocus={[Function]}
        onHoverIn={[Function]}
        onHoverOut={[Function]}
        onResponderGrant={[Function]}
        onResponderMove={[Function]}
        onResponderRelease={[Function]}
        onResponderTerminate={[Function]}
        onResponderTerminationRequest={[Function]}
        onStartShouldSetResponder={[Function]}
        style={
          Object {
            "backgroundColor": "#24303E",
            "paddingBottom": 8,
            "paddingLeft": 8,
            "paddingRight": 8,
            "paddingTop": 8,
          }
        }
      >
        <Text
          dataSet={Object {}}
          level="1"
          style={
            Object {
              "backgroundColor": undefined,
              "color": "#fff",
              "fontFamily": "Roboto_400Regular",
              "fontSize": 18,
              "fontStyle": undefined,
              "fontWeight": undefined,
              "letterSpacing": 0,
              "lineHeight": 21,
              "textAlign": "auto",
              "textDecorationLine": undefined,
            }
          }
        >
          form-name-2
        </Text>
      </View>
      <View
        dataSet={Object {}}
        style={
          Object {
            "backgroundColor": "#F6F6F7",
            "paddingBottom": 8,
            "paddingLeft": 8,
            "paddingRight": 8,
            "paddingTop": 8,
          }
        }
      >
        <View
          dataSet={Object {}}
          style={Object {}}
        >
          <View>
            <Text>
              {"id":"form-id-1","code":"form-code","databaseId":"database-id","folderId":"folder-id","name":"form-name-1","formType":"default","fields":[{"id":"field-id-1","name":"field-name-1","code":"","description":"","required":false,"key":false,"fieldType":{"text":{}}}]}
            </Text>
            <Text />
          </View>
          <View
            dataSet={Object {}}
            style={
              Object {
                "height": 16,
              }
            }
          />
          <View>
            <Text>
              {"id":"form-id-2","code":"form-code","databaseId":"database-id","folderId":"folder-id","name":"form-name-2","formType":"default","fields":[{"id":"field-id-2","name":"field-name-2","code":"","description":"","required":false,"key":false,"fieldType":{"text":{}}}]}
            </Text>
            <Text />
          </View>
        </View>
      </View>
    </View>
    <View
      dataSet={Object {}}
      style={
        Object {
          "height": 16,
        }
      }
    />
    <View
      dataSet={Object {}}
      style={Object {}}
    >
      <View
        _text={
          Object {
            "color": "lightText",
          }
        }
        accessible={true}
        collapsable={false}
        dataSet={Object {}}
        focusable={true}
        onBlur={[Function]}
        onClick={[Function]}
        onFocus={[Function]}
        onHoverIn={[Function]}
        onHoverOut={[Function]}
        onResponderGrant={[Function]}
        onResponderMove={[Function]}
        onResponderRelease={[Function]}
        onResponderTerminate={[Function]}
        onResponderTerminationRequest={[Function]}
        onStartShouldSetResponder={[Function]}
        style={
          Object {
            "backgroundColor": "#24303E",
            "paddingBottom": 8,
            "paddingLeft": 8,
            "paddingRight": 8,
            "paddingTop": 8,
          }
        }
      >
        <Text
          dataSet={Object {}}
          level="1"
          style={
            Object {
              "backgroundColor": undefined,
              "color": "#fff",
              "fontFamily": "Roboto_400Regular",
              "fontSize": 18,
              "fontStyle": undefined,
              "fontWeight": undefined,
              "letterSpacing": 0,
              "lineHeight": 21,
              "textAlign": "auto",
              "textDecorationLine": undefined,
            }
          }
        >
          form-name-3
        </Text>
      </View>
      <View
        dataSet={Object {}}
        style={
          Object {
            "backgroundColor": "#F6F6F7",
            "paddingBottom": 8,
            "paddingLeft": 8,
            "paddingRight": 8,
            "paddingTop": 8,
          }
        }
      >
        <View>
          <Text>
            {"id":"form-id-3","code":"form-code","databaseId":"database-id","folderId":"folder-id","name":"form-name-3","formType":"default","fields":[{"id":"field-id-3","name":"field-name-3","code":"","description":"","required":false,"key":false,"fieldType":{"text":{}}}]}
          </Text>
          <Text />
        </View>
      </View>
    </View>
  </View>
</RNCSafeAreaProvider>
`;
